.data

vmt_BBS:
  BBS.Start
  BBS.Sort
  BBS.Print
  BBS.Init


.text

  jal Main
  li $v0 10
  syscall

Main:
  sw $fp -8($sp)
  move $fp $sp
  subu $sp $sp 8
  sw $ra -4($fp)
  li $a0 12
  jal _heapAlloc
  move $t0 $v0
  la $t9 vmt_BBS
  sw $t9 0($t0)
  bnez $t0 null1
  la $a0 _str0
  j _error
null1:
  lw $t1 0($t0)
  lw $t1 0($t1)
  move $a0 $t0
  li $a1 10
  jalr $t1
  move $t1 $v0
  move $a0 $t1
  jal _print
  lw $ra -4($fp)
  lw $fp -8($fp)
  addu $sp $sp 8
  jr $ra

BBS.Start:
  sw $fp -8($sp)
  move $fp $sp
  subu $sp $sp 12
  sw $ra -4($fp)
  sw $s0 0($sp)
  move $s0 $a0
  move $t0 $a1
  lw $t1 0($s0)
  lw $t1 12($t1)
  move $a0 $s0
  move $a1 $t0
  jalr $t1
  lw $t1 0($s0)
  lw $t1 8($t1)
  move $a0 $s0
  jalr $t1
  move $a0 99999
  jal _print
  lw $t1 0($s0)
  lw $t1 4($t1)
  move $a0 $s0
  jalr $t1
  lw $t1 0($s0)
  lw $t1 8($t1)
  move $a0 $s0
  jalr $t1
  li $v0 0
  lw $s0 0($sp)
  lw $ra -4($fp)
  lw $fp -8($fp)
  addu $sp $sp 12
  jr $ra

BBS.Sort:
  sw $fp -8($sp)
  move $fp $sp
  subu $sp $sp 8
  sw $ra -4($fp)
  move $t0 $a0
  lw $t1 8($t0)
  subu $t1 $t1 1
  subu $t2 0 1
while1_top:
  slti $t3 $t2 $t1
  beqz $t3 while1_end
  li $t3 1
while2_top:
  addu $t4 $t1 1
  slti $t4 $t3 $t4
  beqz $t4 while2_end
  subu $t4 $t3 1
  lw $t5 4($t0)
  bnez $t5 null2
  la $a0 _str0
  j _error
null2:
  lw $t6 0($t5)
   $t6 $t4 $t6
  bnez $t6 bounds1
  la $a0 _str0
  j _error
bounds1:
  mul $t6 $t4 4
  addu $t6 $t6 $t5
  lw $t6 4($t6)
  lw $t5 4($t0)
  bnez $t5 null3
  la $a0 _str0
  j _error
null3:
  lw $t4 0($t5)
   $t4 $t3 $t4
  bnez $t4 bounds2
  la $a0 _str0
  j _error
bounds2:
  mul $t4 $t3 4
  addu $t4 $t4 $t5
  lw $t4 4($t4)
  slti $t4 $t4 $t6
  beqz $t4 if1_else
  subu $t4 $t3 1
  lw $t6 4($t0)
  bnez $t6 null4
  la $a0 _str0
  j _error
null4:
  lw $t5 0($t6)
   $t5 $t4 $t5
  bnez $t5 bounds3
  la $a0 _str0
  j _error
bounds3:
  mul $t5 $t4 4
  addu $t5 $t5 $t6
  lw $t5 4($t5)
  lw $t6 4($t0)
  bnez $t6 null5
  la $a0 _str0
  j _error
null5:
  lw $t7 0($t6)
   $t7 $t4 $t7
  bnez $t7 bounds4
  la $a0 _str0
  j _error
bounds4:
  mul $t7 $t4 4
  addu $t7 $t7 $t6
  lw $t6 4($t0)
  bnez $t6 null6
  la $a0 _str0
  j _error
null6:
  lw $t4 0($t6)
   $t4 $t3 $t4
  bnez $t4 bounds5
  la $a0 _str0
  j _error
bounds5:
  mul $t4 $t3 4
  addu $t4 $t4 $t6
  lw $t4 4($t4)
  la $t9 $t4
  sw $t9 4($t7)
  lw $t4 4($t0)
  bnez $t4 null7
  la $a0 _str0
  j _error
null7:
  lw $t7 0($t4)
   $t7 $t3 $t7
  bnez $t7 bounds6
  la $a0 _str0
  j _error
bounds6:
  mul $t7 $t3 4
  addu $t7 $t7 $t4
  la $t9 $t5
  sw $t9 4($t7)
  j if1_end
if1_end:
if1_else:
  addu $t3 $t3 1
  j while2_top
while2_end:
  subu $t1 $t1 1
  j while1_top
while1_end:
  li $v0 0
  lw $ra -4($fp)
  lw $fp -8($fp)
  addu $sp $sp 8
  jr $ra

BBS.Print:
  sw $fp -8($sp)
  move $fp $sp
  subu $sp $sp 8
  sw $ra -4($fp)
  move $t0 $a0
  li $t1 0
while3_top:
  lw $t2 8($t0)
  slti $t2 $t1 $t2
  beqz $t2 while3_end
  lw $t2 4($t0)
  bnez $t2 null8
  la $a0 _str0
  j _error
null8:
  lw $t3 0($t2)
   $t3 $t1 $t3
  bnez $t3 bounds7
  la $a0 _str0
  j _error
bounds7:
  mul $t3 $t1 4
  addu $t3 $t3 $t2
  lw $t3 4($t3)
  move $a0 $t3
  jal _print
  addu $t1 $t1 1
  j while3_top
while3_end:
  li $v0 0
  lw $ra -4($fp)
  lw $fp -8($fp)
  addu $sp $sp 8
  jr $ra

BBS.Init:
  sw $fp -8($sp)
  move $fp $sp
  subu $sp $sp 12
  sw $ra -4($fp)
  sw $s0 0($sp)
  move $s0 $a0
  move $t0 $a1
  la $t9 $t0
  sw $t9 8($s0)
  move $a0 $t0
  jalr :AllocArray
  move $t0 $v0
  la $t9 $t0
  sw $t9 4($s0)
  lw $t0 4($s0)
  bnez $t0 null9
  la $a0 _str0
  j _error
null9:
  lw $t1 0($t0)
   $t1 0 $t1
  bnez $t1 bounds8
  la $a0 _str0
  j _error
bounds8:
  mul $t1 0 4
  addu $t1 $t1 $t0
  la $t9 20
  sw $t9 4($t1)
  lw $t1 4($s0)
  bnez $t1 null10
  la $a0 _str0
  j _error
null10:
  lw $t0 0($t1)
   $t0 1 $t0
  bnez $t0 bounds9
  la $a0 _str0
  j _error
bounds9:
  mul $t0 1 4
  addu $t0 $t0 $t1
  la $t9 7
  sw $t9 4($t0)
  lw $t0 4($s0)
  bnez $t0 null11
  la $a0 _str0
  j _error
null11:
  lw $t1 0($t0)
   $t1 2 $t1
  bnez $t1 bounds10
  la $a0 _str0
  j _error
bounds10:
  mul $t1 2 4
  addu $t1 $t1 $t0
  la $t9 12
  sw $t9 4($t1)
  lw $t1 4($s0)
  bnez $t1 null12
  la $a0 _str0
  j _error
null12:
  lw $t0 0($t1)
   $t0 3 $t0
  bnez $t0 bounds11
  la $a0 _str0
  j _error
bounds11:
  mul $t0 3 4
  addu $t0 $t0 $t1
  la $t9 18
  sw $t9 4($t0)
  lw $t0 4($s0)
  bnez $t0 null13
  la $a0 _str0
  j _error
null13:
  lw $t1 0($t0)
   $t1 4 $t1
  bnez $t1 bounds12
  la $a0 _str0
  j _error
bounds12:
  mul $t1 4 4
  addu $t1 $t1 $t0
  la $t9 2
  sw $t9 4($t1)
  lw $t1 4($s0)
  bnez $t1 null14
  la $a0 _str0
  j _error
null14:
  lw $t0 0($t1)
   $t0 5 $t0
  bnez $t0 bounds13
  la $a0 _str0
  j _error
bounds13:
  mul $t0 5 4
  addu $t0 $t0 $t1
  la $t9 11
  sw $t9 4($t0)
  lw $t0 4($s0)
  bnez $t0 null15
  la $a0 _str0
  j _error
null15:
  lw $t1 0($t0)
   $t1 6 $t1
  bnez $t1 bounds14
  la $a0 _str0
  j _error
bounds14:
  mul $t1 6 4
  addu $t1 $t1 $t0
  la $t9 6
  sw $t9 4($t1)
  lw $t1 4($s0)
  bnez $t1 null16
  la $a0 _str0
  j _error
null16:
  lw $t0 0($t1)
   $t0 7 $t0
  bnez $t0 bounds15
  la $a0 _str0
  j _error
bounds15:
  mul $t0 7 4
  addu $t0 $t0 $t1
  la $t9 9
  sw $t9 4($t0)
  lw $t0 4($s0)
  bnez $t0 null17
  la $a0 _str0
  j _error
null17:
  lw $t1 0($t0)
   $t1 8 $t1
  bnez $t1 bounds16
  la $a0 _str0
  j _error
bounds16:
  mul $t1 8 4
  addu $t1 $t1 $t0
  la $t9 19
  sw $t9 4($t1)
  lw $t1 4($s0)
  bnez $t1 null18
  la $a0 _str0
  j _error
null18:
  lw $t0 0($t1)
   $t0 9 $t0
  bnez $t0 bounds17
  la $a0 _str0
  j _error
bounds17:
  mul $t0 9 4
  addu $t0 $t0 $t1
  la $t9 5
  sw $t9 4($t0)
  li $v0 0
  lw $s0 0($sp)
  lw $ra -4($fp)
  lw $fp -8($fp)
  addu $sp $sp 12
  jr $ra

AllocArray:
  sw $fp -8($sp)
  move $fp $sp
  subu $sp $sp 8
  sw $ra -4($fp)
  move $t0 $a0
  mul $t1 $t0 4
  addu $t1 $t1 4
  li $a0 $t1
  jal _heapAlloc
  move $t1 $v0
  la $t9 $t0
  sw $t9 0($t1)
  move $v0 $t1
  lw $ra -4($fp)
  lw $fp -8($fp)
  addu $sp $sp 8
  jr $ra


_print:
li $v0 1   # syscall: print integer
syscall
la $a0 _newline
li $v0 4   # syscall: print string
syscall
jr $ra

_error:
li $v0 4   # syscall: print string
syscall
li $v0 10  # syscall: exit
syscall

_heapAlloc:
li $v0 9   # syscall: sbrk
syscall
jr $ra

.data
.align 0
_newline: .asciiz "\n"
_str0: .asciiz "null pointer"
_str1: .asciiz "array index out of bounds"
