Error in /Users/krishna/Desktop/Computer Science/BS179/test_179e/tests/Phase4Tester/./Output/Tests/BubbleSort.compiler.out line 60 column 12: "99999": operand is of incorrect type
Error in /Users/krishna/Desktop/Computer Science/BS179/test_179e/tests/Phase4Tester/./Output/Tests/BubbleSort.compiler.out line 85 column 12: "0": operand is of incorrect type
Error in /Users/krishna/Desktop/Computer Science/BS179/test_179e/tests/Phase4Tester/./Output/Tests/BubbleSort.compiler.out line 87 column 16: "$t1": operand is of incorrect type
Error in /Users/krishna/Desktop/Computer Science/BS179/test_179e/tests/Phase4Tester/./Output/Tests/BubbleSort.compiler.out line 92 column 16: "$t4": operand is of incorrect type
Error in /Users/krishna/Desktop/Computer Science/BS179/test_179e/tests/Phase4Tester/./Output/Tests/BubbleSort.compiler.out line 101 column 4: "$t6" is not a recognized operator
Error in /Users/krishna/Desktop/Computer Science/BS179/test_179e/tests/Phase4Tester/./Output/Tests/BubbleSort.compiler.out line 115 column 4: "$t4" is not a recognized operator
Error in /Users/krishna/Desktop/Computer Science/BS179/test_179e/tests/Phase4Tester/./Output/Tests/BubbleSort.compiler.out line 123 column 16: "$t6": operand is of incorrect type
Error in /Users/krishna/Desktop/Computer Science/BS179/test_179e/tests/Phase4Tester/./Output/Tests/BubbleSort.compiler.out line 132 column 4: "$t5" is not a recognized operator
Error in /Users/krishna/Desktop/Computer Science/BS179/test_179e/tests/Phase4Tester/./Output/Tests/BubbleSort.compiler.out line 146 column 4: "$t7" is not a recognized operator
Error in /Users/krishna/Desktop/Computer Science/BS179/test_179e/tests/Phase4Tester/./Output/Tests/BubbleSort.compiler.out line 159 column 4: "$t4" is not a recognized operator
Error in /Users/krishna/Desktop/Computer Science/BS179/test_179e/tests/Phase4Tester/./Output/Tests/BubbleSort.compiler.out line 167 column 3: "la": Too few or incorrectly formatted operands. Expected: la $t1,($t2)
Error in /Users/krishna/Desktop/Computer Science/BS179/test_179e/tests/Phase4Tester/./Output/Tests/BubbleSort.compiler.out line 175 column 4: "$t7" is not a recognized operator
Error in /Users/krishna/Desktop/Computer Science/BS179/test_179e/tests/Phase4Tester/./Output/Tests/BubbleSort.compiler.out line 182 column 3: "la": Too few or incorrectly formatted operands. Expected: la $t1,($t2)
Error in /Users/krishna/Desktop/Computer Science/BS179/test_179e/tests/Phase4Tester/./Output/Tests/BubbleSort.compiler.out line 208 column 16: "$t2": operand is of incorrect type
Error in /Users/krishna/Desktop/Computer Science/BS179/test_179e/tests/Phase4Tester/./Output/Tests/BubbleSort.compiler.out line 216 column 4: "$t3" is not a recognized operator
Error in /Users/krishna/Desktop/Computer Science/BS179/test_179e/tests/Phase4Tester/./Output/Tests/BubbleSort.compiler.out line 243 column 3: "la": Too few or incorrectly formatted operands. Expected: la $t1,($t2)
Error in /Users/krishna/Desktop/Computer Science/BS179/test_179e/tests/Phase4Tester/./Output/Tests/BubbleSort.compiler.out line 246 column 9: "AllocArray" is not a recognized operator
Error in /Users/krishna/Desktop/Computer Science/BS179/test_179e/tests/Phase4Tester/./Output/Tests/BubbleSort.compiler.out line 248 column 3: "la": Too few or incorrectly formatted operands. Expected: la $t1,($t2)
Error in /Users/krishna/Desktop/Computer Science/BS179/test_179e/tests/Phase4Tester/./Output/Tests/BubbleSort.compiler.out line 256 column 4: "$t1" is not a recognized operator
Error in /Users/krishna/Desktop/Computer Science/BS179/test_179e/tests/Phase4Tester/./Output/Tests/BubbleSort.compiler.out line 261 column 11: "0": operand is of incorrect type
Error in /Users/krishna/Desktop/Computer Science/BS179/test_179e/tests/Phase4Tester/./Output/Tests/BubbleSort.compiler.out line 271 column 4: "$t0" is not a recognized operator
Error in /Users/krishna/Desktop/Computer Science/BS179/test_179e/tests/Phase4Tester/./Output/Tests/BubbleSort.compiler.out line 276 column 11: "1": operand is of incorrect type
Error in /Users/krishna/Desktop/Computer Science/BS179/test_179e/tests/Phase4Tester/./Output/Tests/BubbleSort.compiler.out line 286 column 4: "$t1" is not a recognized operator
Error in /Users/krishna/Desktop/Computer Science/BS179/test_179e/tests/Phase4Tester/./Output/Tests/BubbleSort.compiler.out line 291 column 11: "2": operand is of incorrect type
Error in /Users/krishna/Desktop/Computer Science/BS179/test_179e/tests/Phase4Tester/./Output/Tests/BubbleSort.compiler.out line 301 column 4: "$t0" is not a recognized operator
Error in /Users/krishna/Desktop/Computer Science/BS179/test_179e/tests/Phase4Tester/./Output/Tests/BubbleSort.compiler.out line 306 column 11: "3": operand is of incorrect type
Error in /Users/krishna/Desktop/Computer Science/BS179/test_179e/tests/Phase4Tester/./Output/Tests/BubbleSort.compiler.out line 316 column 4: "$t1" is not a recognized operator
Error in /Users/krishna/Desktop/Computer Science/BS179/test_179e/tests/Phase4Tester/./Output/Tests/BubbleSort.compiler.out line 321 column 11: "4": operand is of incorrect type
Error in /Users/krishna/Desktop/Computer Science/BS179/test_179e/tests/Phase4Tester/./Output/Tests/BubbleSort.compiler.out line 331 column 4: "$t0" is not a recognized operator
Error in /Users/krishna/Desktop/Computer Science/BS179/test_179e/tests/Phase4Tester/./Output/Tests/BubbleSort.compiler.out line 336 column 11: "5": operand is of incorrect type
Error in /Users/krishna/Desktop/Computer Science/BS179/test_179e/tests/Phase4Tester/./Output/Tests/BubbleSort.compiler.out line 346 column 4: "$t1" is not a recognized operator
Error in /Users/krishna/Desktop/Computer Science/BS179/test_179e/tests/Phase4Tester/./Output/Tests/BubbleSort.compiler.out line 351 column 11: "6": operand is of incorrect type
Error in /Users/krishna/Desktop/Computer Science/BS179/test_179e/tests/Phase4Tester/./Output/Tests/BubbleSort.compiler.out line 361 column 4: "$t0" is not a recognized operator
Error in /Users/krishna/Desktop/Computer Science/BS179/test_179e/tests/Phase4Tester/./Output/Tests/BubbleSort.compiler.out line 366 column 11: "7": operand is of incorrect type
Error in /Users/krishna/Desktop/Computer Science/BS179/test_179e/tests/Phase4Tester/./Output/Tests/BubbleSort.compiler.out line 376 column 4: "$t1" is not a recognized operator
Error in /Users/krishna/Desktop/Computer Science/BS179/test_179e/tests/Phase4Tester/./Output/Tests/BubbleSort.compiler.out line 381 column 11: "8": operand is of incorrect type
Error in /Users/krishna/Desktop/Computer Science/BS179/test_179e/tests/Phase4Tester/./Output/Tests/BubbleSort.compiler.out line 391 column 4: "$t0" is not a recognized operator
Error in /Users/krishna/Desktop/Computer Science/BS179/test_179e/tests/Phase4Tester/./Output/Tests/BubbleSort.compiler.out line 396 column 11: "9": operand is of incorrect type
Error in /Users/krishna/Desktop/Computer Science/BS179/test_179e/tests/Phase4Tester/./Output/Tests/BubbleSort.compiler.out line 415 column 10: "$t1": operand is of incorrect type
Error in /Users/krishna/Desktop/Computer Science/BS179/test_179e/tests/Phase4Tester/./Output/Tests/BubbleSort.compiler.out line 418 column 3: "la": Too few or incorrectly formatted operands. Expected: la $t1,($t2)

Processing terminated due to errors.
