Error in /Users/krishna/Desktop/Computer Science/BS179/test_179e/tests/Phase4Tester/./Output/Tests/TreeVisitor.compiler.out line 97 column 12: "100000000": operand is of incorrect type
Error in /Users/krishna/Desktop/Computer Science/BS179/test_179e/tests/Phase4Tester/./Output/Tests/TreeVisitor.compiler.out line 170 column 12: "100000000": operand is of incorrect type
Error in /Users/krishna/Desktop/Computer Science/BS179/test_179e/tests/Phase4Tester/./Output/Tests/TreeVisitor.compiler.out line 178 column 12: "50000000": operand is of incorrect type
Error in /Users/krishna/Desktop/Computer Science/BS179/test_179e/tests/Phase4Tester/./Output/Tests/TreeVisitor.compiler.out line 189 column 12: "100000000": operand is of incorrect type
Error in /Users/krishna/Desktop/Computer Science/BS179/test_179e/tests/Phase4Tester/./Output/Tests/TreeVisitor.compiler.out line 294 column 3: "la": Too few or incorrectly formatted operands. Expected: la $t1,($t2)
Error in /Users/krishna/Desktop/Computer Science/BS179/test_179e/tests/Phase4Tester/./Output/Tests/TreeVisitor.compiler.out line 313 column 3: "la": Too few or incorrectly formatted operands. Expected: la $t1,($t2)
Error in /Users/krishna/Desktop/Computer Science/BS179/test_179e/tests/Phase4Tester/./Output/Tests/TreeVisitor.compiler.out line 328 column 3: "la": Too few or incorrectly formatted operands. Expected: la $t1,($t2)
Error in /Users/krishna/Desktop/Computer Science/BS179/test_179e/tests/Phase4Tester/./Output/Tests/TreeVisitor.compiler.out line 382 column 3: "la": Too few or incorrectly formatted operands. Expected: la $t1,($t2)
Error in /Users/krishna/Desktop/Computer Science/BS179/test_179e/tests/Phase4Tester/./Output/Tests/TreeVisitor.compiler.out line 423 column 3: "la": Too few or incorrectly formatted operands. Expected: la $t1,($t2)
Error in /Users/krishna/Desktop/Computer Science/BS179/test_179e/tests/Phase4Tester/./Output/Tests/TreeVisitor.compiler.out line 438 column 3: "la": Too few or incorrectly formatted operands. Expected: la $t1,($t2)
Error in /Users/krishna/Desktop/Computer Science/BS179/test_179e/tests/Phase4Tester/./Output/Tests/TreeVisitor.compiler.out line 454 column 16: "$t1": operand is of incorrect type
Error in /Users/krishna/Desktop/Computer Science/BS179/test_179e/tests/Phase4Tester/./Output/Tests/TreeVisitor.compiler.out line 459 column 16: "$t2": operand is of incorrect type
Error in /Users/krishna/Desktop/Computer Science/BS179/test_179e/tests/Phase4Tester/./Output/Tests/TreeVisitor.compiler.out line 460 column 12: "1": operand is of incorrect type
Error in /Users/krishna/Desktop/Computer Science/BS179/test_179e/tests/Phase4Tester/./Output/Tests/TreeVisitor.compiler.out line 513 column 16: "$t0": operand is of incorrect type
Error in /Users/krishna/Desktop/Computer Science/BS179/test_179e/tests/Phase4Tester/./Output/Tests/TreeVisitor.compiler.out line 642 column 16: "$t0": operand is of incorrect type
Error in /Users/krishna/Desktop/Computer Science/BS179/test_179e/tests/Phase4Tester/./Output/Tests/TreeVisitor.compiler.out line 670 column 16: "$s1": operand is of incorrect type
Error in /Users/krishna/Desktop/Computer Science/BS179/test_179e/tests/Phase4Tester/./Output/Tests/TreeVisitor.compiler.out line 708 column 12: "1": operand is of incorrect type
Error in /Users/krishna/Desktop/Computer Science/BS179/test_179e/tests/Phase4Tester/./Output/Tests/TreeVisitor.compiler.out line 719 column 12: "1": operand is of incorrect type
Error in /Users/krishna/Desktop/Computer Science/BS179/test_179e/tests/Phase4Tester/./Output/Tests/TreeVisitor.compiler.out line 1104 column 16: "$t0": operand is of incorrect type
Error in /Users/krishna/Desktop/Computer Science/BS179/test_179e/tests/Phase4Tester/./Output/Tests/TreeVisitor.compiler.out line 1131 column 16: "$s0": operand is of incorrect type
Error in /Users/krishna/Desktop/Computer Science/BS179/test_179e/tests/Phase4Tester/./Output/Tests/TreeVisitor.compiler.out line 1283 column 12: "333": operand is of incorrect type
Error in /Users/krishna/Desktop/Computer Science/BS179/test_179e/tests/Phase4Tester/./Output/Tests/TreeVisitor.compiler.out line 1328 column 3: "la": Too few or incorrectly formatted operands. Expected: la $t1,($t2)
Error in /Users/krishna/Desktop/Computer Science/BS179/test_179e/tests/Phase4Tester/./Output/Tests/TreeVisitor.compiler.out line 1362 column 3: "la": Too few or incorrectly formatted operands. Expected: la $t1,($t2)
Error in /Users/krishna/Desktop/Computer Science/BS179/test_179e/tests/Phase4Tester/./Output/Tests/TreeVisitor.compiler.out line 1413 column 3: "la": Too few or incorrectly formatted operands. Expected: la $t1,($t2)
Error in /Users/krishna/Desktop/Computer Science/BS179/test_179e/tests/Phase4Tester/./Output/Tests/TreeVisitor.compiler.out line 1458 column 3: "la": Too few or incorrectly formatted operands. Expected: la $t1,($t2)

Processing terminated due to errors.
