const vmt_BT
  :BT.Start

const vmt_Tree
  :Tree.Init
  :Tree.SetRight
  :Tree.SetLeft
  :Tree.GetRight
  :Tree.GetLeft
  :Tree.GetKey
  :Tree.SetKey
  :Tree.GetHas_Right
  :Tree.GetHas_Left
  :Tree.SetHas_Left
  :Tree.SetHas_Right
  :Tree.Compare
  :Tree.Insert
  :Tree.Delete
  :Tree.Remove
  :Tree.RemoveRight
  :Tree.RemoveLeft
  :Tree.Search
  :Tree.Print
  :Tree.RecPrint

func Main [in 0, out 0, local 0]
  $t8 = HeapAllocZ(4)
  [$t8] = :vmt_BT
  if $t8 goto :null1
  Error("null pointer")
null1:
  $t7 = [$t8]
  $t7 = [$t7]
  $a0 = $t8
  call $t7
  $t6 = $v0
  PrintIntS($t6)
  ret

func BT.Start [in 0, out 0, local 0]
  $t8 = HeapAllocZ(28)
  [$t8] = :vmt_Tree
  $t7 = $t8
  if $t7 goto :null2
  Error("null pointer")
null2:
  $t8 = [$t7]
  $t8 = [$t8]
  $a0 = $t7
  $a1 = 16
  call $t8
  $t6 = $v0
  if $t7 goto :null3
  Error("null pointer")
null3:
  $t8 = [$t7]
  $t8 = [$t8+72]
  $a0 = $t7
  call $t8
  $t6 = $v0
  PrintIntS(100000000)
  if $t7 goto :null4
  Error("null pointer")
null4:
  $t8 = [$t7]
  $t8 = [$t8+48]
  $a0 = $t7
  $a1 = 8
  call $t8
  $t6 = $v0
  if $t7 goto :null5
  Error("null pointer")
null5:
  $t8 = [$t7]
  $t8 = [$t8+72]
  $a0 = $t7
  call $t8
  $t6 = $v0
  if $t7 goto :null6
  Error("null pointer")
null6:
  $t8 = [$t7]
  $t8 = [$t8+48]
  $a0 = $t7
  $a1 = 24
  call $t8
  $t6 = $v0
  if $t7 goto :null7
  Error("null pointer")
null7:
  $t8 = [$t7]
  $t8 = [$t8+48]
  $a0 = $t7
  $a1 = 4
  call $t8
  $t6 = $v0
  if $t7 goto :null8
  Error("null pointer")
null8:
  $t8 = [$t7]
  $t8 = [$t8+48]
  $a0 = $t7
  $a1 = 12
  call $t8
  $t6 = $v0
  if $t7 goto :null9
  Error("null pointer")
null9:
  $t8 = [$t7]
  $t8 = [$t8+48]
  $a0 = $t7
  $a1 = 20
  call $t8
  $t6 = $v0
  if $t7 goto :null10
  Error("null pointer")
null10:
  $t8 = [$t7]
  $t8 = [$t8+48]
  $a0 = $t7
  $a1 = 28
  call $t8
  $t6 = $v0
  if $t7 goto :null11
  Error("null pointer")
null11:
  $t8 = [$t7]
  $t8 = [$t8+48]
  $a0 = $t7
  $a1 = 14
  call $t8
  $t6 = $v0
  if $t7 goto :null12
  Error("null pointer")
null12:
  $t8 = [$t7]
  $t8 = [$t8+72]
  $a0 = $t7
  call $t8
  $t6 = $v0
  if $t7 goto :null13
  Error("null pointer")
null13:
  $t8 = [$t7]
  $t8 = [$t8+68]
  $a0 = $t7
  $a1 = 24
  call $t8
  $t5 = $v0
  PrintIntS($t5)
  if $t7 goto :null14
  Error("null pointer")
null14:
  $t8 = [$t7]
  $t8 = [$t8+68]
  $a0 = $t7
  $a1 = 12
  call $t8
  $t5 = $v0
  PrintIntS($t5)
  if $t7 goto :null15
  Error("null pointer")
null15:
  $t8 = [$t7]
  $t8 = [$t8+68]
  $a0 = $t7
  $a1 = 16
  call $t8
  $t5 = $v0
  PrintIntS($t5)
  if $t7 goto :null16
  Error("null pointer")
null16:
  $t8 = [$t7]
  $t8 = [$t8+68]
  $a0 = $t7
  $a1 = 50
  call $t8
  $t5 = $v0
  PrintIntS($t5)
  if $t7 goto :null17
  Error("null pointer")
null17:
  $t8 = [$t7]
  $t8 = [$t8+68]
  $a0 = $t7
  $a1 = 12
  call $t8
  $t5 = $v0
  PrintIntS($t5)
  if $t7 goto :null18
  Error("null pointer")
null18:
  $t8 = [$t7]
  $t8 = [$t8+52]
  $a0 = $t7
  $a1 = 12
  call $t8
  $t6 = $v0
  if $t7 goto :null19
  Error("null pointer")
null19:
  $t5 = [$t7]
  $t5 = [$t5+72]
  $a0 = $t7
  call $t5
  $t6 = $v0
  if $t7 goto :null20
  Error("null pointer")
null20:
  $t8 = [$t7]
  $t8 = [$t8+68]
  $a0 = $t7
  $a1 = 12
  call $t8
  $t6 = $v0
  PrintIntS($t6)
  $v0 = 0
  ret

func Tree.Init [in 0, out 0, local 0]
  $t8 = $a0
  $t7 = $a1
  [$t8] = $t7
  [$t8] = 0
  [$t8] = 0
  $v0 = 1
  ret

func Tree.SetRight [in 0, out 0, local 0]
  $t8 = $a0
  $t7 = $a1
  [$t8] = $t7
  $v0 = 1
  ret

func Tree.SetLeft [in 0, out 0, local 0]
  $t7 = $a0
  $t8 = $a1
  [$t7] = $t8
  $v0 = 1
  ret

func Tree.GetRight [in 0, out 0, local 0]
  $t7 = $a0
  $t8 = [$t7+8]
  $v0 = $t8
  ret

func Tree.GetLeft [in 0, out 0, local 0]
  $t7 = $a0
  $t8 = [$t7+4]
  $v0 = $t8
  ret

func Tree.GetKey [in 0, out 0, local 0]
  $t7 = $a0
  $t8 = [$t7+12]
  $v0 = $t8
  ret

func Tree.SetKey [in 0, out 0, local 0]
  $t8 = $a0
  $t7 = $a1
  [$t8] = $t7
  $v0 = 1
  ret

func Tree.GetHas_Right [in 0, out 0, local 0]
  $t7 = $a0
  $t8 = [$t7+20]
  $v0 = $t8
  ret

func Tree.GetHas_Left [in 0, out 0, local 0]
  $t7 = $a0
  $t8 = [$t7+16]
  $v0 = $t8
  ret

func Tree.SetHas_Left [in 0, out 0, local 0]
  $t7 = $a0
  $t8 = $a1
  [$t7] = $t8
  $v0 = 1
  ret

func Tree.SetHas_Right [in 0, out 0, local 0]
  $t7 = $a0
  $t8 = $a1
  [$t7] = $t8
  $v0 = 1
  ret

func Tree.Compare [in 0, out 0, local 0]
  $t5 = $a1
  $t6 = $a2
  $t8 = 0
  $t7 = Add($t6 1)
  $t4 = LtS($t5 $t6)
  if0 $t4 goto :if1_else
  $t8 = 0
  goto :if1_end
if1_else:
  $t6 = LtS($t5 $t7)
  $t7 = Sub(1 $t6)
  if0 $t7 goto :if2_else
  $t8 = 0
  goto :if2_end
if2_else:
  $t8 = 1
if2_end:
if1_end:
  $v0 = $t8
  ret

func Tree.Insert [in 0, out 0, local 0]
  $t8 = $a0
  $t5 = $a1
  $t8 = HeapAllocZ(28)
  [$t8] = :vmt_Tree
  $t7 = $t8
  if $t7 goto :null21
  Error("null pointer")
null21:
  $t8 = [$t7]
  $t8 = [$t8]
  $a0 = $t7
  $a1 = $t5
  call $t8
  $t6 = $v0
  $t4 = $t8
  $t8 = 1
while1_top:
  if0 $t8 goto :while1_end
  if $t4 goto :null22
  Error("null pointer")
null22:
  $t3 = [$t4]
  $t3 = [$t3+20]
  $a0 = $t4
  call $t3
  $t2 = $v0
  $t3 = LtS($t5 $t2)
  if0 $t3 goto :if3_else
  if $t4 goto :null23
  Error("null pointer")
null23:
  $t5 = [$t4]
  $t5 = [$t5+32]
  $a0 = $t4
  call $t5
  $t3 = $v0
  if0 $t3 goto :if4_else
  if $t4 goto :null24
  Error("null pointer")
null24:
  $t5 = [$t4]
  $t5 = [$t5+16]
  $a0 = $t4
  call $t5
  $t4 = $v0
  goto :if4_end
if4_else:
  $t8 = 0
  if $t4 goto :null25
  Error("null pointer")
null25:
  $t3 = [$t4]
  $t3 = [$t3+36]
  $a0 = $t4
  $a1 = 1
  call $t3
  $t6 = $v0
  if $t4 goto :null26
  Error("null pointer")
null26:
  $t5 = [$t4]
  $t5 = [$t5+8]
  $a0 = $t4
  $a1 = $t7
  call $t5
  $t6 = $v0
if4_end:
  goto :if3_end
if3_else:
  if $t4 goto :null27
  Error("null pointer")
null27:
  $t3 = [$t4]
  $t3 = [$t3+28]
  $a0 = $t4
  call $t3
  $t5 = $v0
  if0 $t5 goto :if5_else
  if $t4 goto :null28
  Error("null pointer")
null28:
  $t3 = [$t4]
  $t3 = [$t3+12]
  $a0 = $t4
  call $t3
  $t4 = $v0
  goto :if5_end
if5_else:
  $t8 = 0
  if $t4 goto :null29
  Error("null pointer")
null29:
  $t8 = [$t4]
  $t8 = [$t8+40]
  $a0 = $t4
  $a1 = 1
  call $t8
  $t6 = $v0
  if $t4 goto :null30
  Error("null pointer")
null30:
  $t5 = [$t4]
  $t5 = [$t5+4]
  $a0 = $t4
  $a1 = $t7
  call $t5
  $t6 = $v0
if5_end:
if3_end:
  goto :while1_top
while1_end:
  $v0 = 1
  ret

func Tree.Delete [in 0, out 0, local 1]
  $t7 = $a0
  $t0 = $a1
  local[1] = $t7
  local[2] = $t0
  $t8 = $t7
  $t6 = $t7
  $t5 = 1
  local[0] = 0
  $t3 = 1
while2_top:
  if0 $t5 goto :while2_end
  if $t8 goto :null31
  Error("null pointer")
null31:
  $t2 = [$t8]
  $t2 = [$t2+20]
  $a0 = $t8
  call $t2
  $t1 = $v0
  $t2 = LtS($t0 $t1)
  if0 $t2 goto :if6_else
  if $t8 goto :null32
  Error("null pointer")
null32:
  $t2 = [$t8]
  $t2 = [$t2+32]
  $a0 = $t8
  call $t2
  $t4 = $v0
  if0 $t4 goto :if7_else
  $t6 = $t8
  if $t8 goto :null33
  Error("null pointer")
null33:
  $t2 = [$t8]
  $t2 = [$t2+16]
  $a0 = $t8
  call $t2
  $t8 = $v0
  goto :if7_end
if7_else:
  $t5 = 0
if7_end:
  goto :if6_end
if6_else:
  $t4 = LtS($t1 $t0)
  if0 $t4 goto :if8_else
  if $t8 goto :null34
  Error("null pointer")
null34:
  $t2 = [$t8]
  $t2 = [$t2+28]
  $a0 = $t8
  call $t2
  $t1 = $v0
  if0 $t1 goto :if9_else
  $t6 = $t8
  if $t8 goto :null35
  Error("null pointer")
null35:
  $t4 = [$t8]
  $t4 = [$t4+12]
  $a0 = $t8
  call $t4
  $t8 = $v0
  goto :if9_end
if9_else:
  $t5 = 0
if9_end:
  goto :if8_end
if8_else:
  if0 $t3 goto :if10_else
  if $t8 goto :null36
  Error("null pointer")
null36:
  $t2 = [$t8]
  $t2 = [$t2+28]
  $a0 = $t8
  call $t2
  $t4 = $v0
  $t2 = Sub(1 $t4)
  if0 $t2 goto :ss1_else
  if $t8 goto :null37
  Error("null pointer")
null37:
  $t4 = [$t8]
  $t4 = [$t4+32]
  $a0 = $t8
  call $t4
  $t2 = $v0
  $t4 = Sub(1 $t2)
  goto :ss1_end
ss1_else:
  $t4 = 0
ss1_end:
  if0 $t4 goto :if11_else
  $t2 = 1
  goto :if11_end
if11_else:
  $t4 = [$t7]
  $t4 = [$t4+56]
  $a0 = $t7
  $a1 = $t6
  $a2 = $t8
  call $t4
  $t2 = $v0
if11_end:
  goto :if10_end
if10_else:
  $t4 = [$t7]
  $t4 = [$t4+56]
  $a0 = $t7
  $a1 = $t6
  $a2 = $t8
  call $t4
  $t2 = $v0
if10_end:
  local[0] = local[0]
  local[0] = 1
  $t5 = 0
if8_end:
if6_end:
  $t3 = 0
  goto :while2_top
while2_end:
  $v0 = found
  $t7 = local[1]
  $t0 = local[2]
  ret

func Tree.Remove [in 0, out 0, local 0]
  $t7 = $a0
  $t5 = $a1
  $t8 = $a2
  if $t8 goto :null38
  Error("null pointer")
null38:
  $t7 = [$t8]
  $t7 = [$t7+32]
  $a0 = $t8
  call $t7
  $t6 = $v0
  if0 $t6 goto :if12_else
  $t6 = [$t7]
  $t6 = [$t6+64]
  $a0 = $t7
  $a1 = $t5
  $a2 = $t8
  call $t6
  $t4 = $v0
  goto :if12_end
if12_else:
  if $t8 goto :null39
  Error("null pointer")
null39:
  $t6 = [$t8]
  $t6 = [$t6+28]
  $a0 = $t8
  call $t6
  $t3 = $v0
  if0 $t3 goto :if13_else
  $t6 = [$t7]
  $t6 = [$t6+60]
  $a0 = $t7
  $a1 = $t5
  $a2 = $t8
  call $t6
  $t4 = $v0
  goto :if13_end
if13_else:
  if $t8 goto :null40
  Error("null pointer")
null40:
  $t3 = [$t8]
  $t3 = [$t3+20]
  $a0 = $t8
  call $t3
  $t6 = $v0
  if $t5 goto :null41
  Error("null pointer")
null41:
  $t8 = [$t5]
  $t8 = [$t8+16]
  $a0 = $t5
  call $t8
  $t3 = $v0
  if $t3 goto :null42
  Error("null pointer")
null42:
  $t8 = [$t3]
  $t8 = [$t8+20]
  $a0 = $t3
  call $t8
  $t2 = $v0
  $t3 = [$t7]
  $t3 = [$t3+44]
  $a0 = $t7
  $a1 = $t6
  $a2 = $t2
  call $t3
  $t8 = $v0
  if0 $t8 goto :if14_else
  if $t5 goto :null43
  Error("null pointer")
null43:
  $t6 = [$t5]
  $t6 = [$t6+8]
  $t3 = [$t7+24]
  $a0 = $t5
  $a1 = $t3
  call $t6
  $t4 = $v0
  if $t5 goto :null44
  Error("null pointer")
null44:
  $t8 = [$t5]
  $t8 = [$t8+36]
  $a0 = $t5
  $a1 = 0
  call $t8
  $t4 = $v0
  goto :if14_end
if14_else:
  if $t5 goto :null45
  Error("null pointer")
null45:
  $t6 = [$t5]
  $t6 = [$t6+4]
  $t8 = [$t7+24]
  $a0 = $t5
  $a1 = $t8
  call $t6
  $t4 = $v0
  if $t5 goto :null46
  Error("null pointer")
null46:
  $t8 = [$t5]
  $t8 = [$t8+40]
  $a0 = $t5
  $a1 = 0
  call $t8
  $t4 = $v0
if14_end:
if13_end:
if12_end:
  $v0 = 1
  ret

func Tree.RemoveRight [in 0, out 0, local 0]
  $t7 = $a0
  $t6 = $a1
  $t8 = $a2
  if $t8 goto :null47
  Error("null pointer")
null47:
  $t7 = [$t8]
  $t7 = [$t7+28]
  $a0 = $t8
  call $t7
  $t6 = $v0
  if0 $t6 goto :while3_end
  if $t8 goto :null48
  Error("null pointer")
null48:
  $t7 = [$t8]
  $t7 = [$t7+24]
  if $t8 goto :null49
  Error("null pointer")
null49:
  $t6 = [$t8]
  $t6 = [$t6+12]
  $a0 = $t8
  call $t6
  $t5 = $v0
  if $t5 goto :null50
  Error("null pointer")
null50:
  $t6 = [$t5]
  $t6 = [$t6+20]
  $a0 = $t5
  call $t6
  $t4 = $v0
  $a0 = $t8
  $a1 = $t4
  call $t7
  $t5 = $v0
  $t6 = $t8
  if $t8 goto :null51
  Error("null pointer")
null51:
  $t7 = [$t8]
  $t7 = [$t7+12]
  $a0 = $t8
  call $t7
  $t8 = $v0
  goto :while3_top
while3_end:
  if $t6 goto :null52
  Error("null pointer")
null52:
  $t8 = [$t6]
  $t8 = [$t8+4]
  $t4 = [$t7+24]
  $a0 = $t6
  $a1 = $t4
  call $t8
  $t5 = $v0
  if $t6 goto :null53
  Error("null pointer")
null53:
  $t7 = [$t6]
  $t7 = [$t7+40]
  $a0 = $t6
  $a1 = 0
  call $t7
  $t5 = $v0
  $v0 = 1
  ret

func Tree.RemoveLeft [in 0, out 0, local 0]
  $t7 = $a0
  $t6 = $a1
  $t8 = $a2
  if $t8 goto :null54
  Error("null pointer")
null54:
  $t7 = [$t8]
  $t7 = [$t7+32]
  $a0 = $t8
  call $t7
  $t6 = $v0
  if0 $t6 goto :while4_end
  if $t8 goto :null55
  Error("null pointer")
null55:
  $t7 = [$t8]
  $t7 = [$t7+24]
  if $t8 goto :null56
  Error("null pointer")
null56:
  $t6 = [$t8]
  $t6 = [$t6+16]
  $a0 = $t8
  call $t6
  $t5 = $v0
  if $t5 goto :null57
  Error("null pointer")
null57:
  $t6 = [$t5]
  $t6 = [$t6+20]
  $a0 = $t5
  call $t6
  $t4 = $v0
  $a0 = $t8
  $a1 = $t4
  call $t7
  $t5 = $v0
  $t6 = $t8
  if $t8 goto :null58
  Error("null pointer")
null58:
  $t7 = [$t8]
  $t7 = [$t7+16]
  $a0 = $t8
  call $t7
  $t8 = $v0
  goto :while4_top
while4_end:
  if $t6 goto :null59
  Error("null pointer")
null59:
  $t8 = [$t6]
  $t8 = [$t8+8]
  $t4 = [$t7+24]
  $a0 = $t6
  $a1 = $t4
  call $t8
  $t5 = $v0
  if $t6 goto :null60
  Error("null pointer")
null60:
  $t7 = [$t6]
  $t7 = [$t7+36]
  $a0 = $t6
  $a1 = 0
  call $t7
  $t5 = $v0
  $v0 = 1
  ret

func Tree.Search [in 0, out 0, local 0]
  $t7 = $a0
  $t3 = $a1
  $t8 = $t7
  $t7 = 1
  $t6 = 0
while5_top:
  if0 $t7 goto :while5_end
  if $t8 goto :null61
  Error("null pointer")
null61:
  $t5 = [$t8]
  $t5 = [$t5+20]
  $a0 = $t8
  call $t5
  $t4 = $v0
  $t5 = LtS($t3 $t4)
  if0 $t5 goto :if15_else
  if $t8 goto :null62
  Error("null pointer")
null62:
  $t5 = [$t8]
  $t5 = [$t5+32]
  $a0 = $t8
  call $t5
  $t2 = $v0
  if0 $t2 goto :if16_else
  if $t8 goto :null63
  Error("null pointer")
null63:
  $t5 = [$t8]
  $t5 = [$t5+16]
  $a0 = $t8
  call $t5
  $t8 = $v0
  goto :if16_end
if16_else:
  $t7 = 0
if16_end:
  goto :if15_end
if15_else:
  $t2 = LtS($t4 $t3)
  if0 $t2 goto :if17_else
  if $t8 goto :null64
  Error("null pointer")
null64:
  $t5 = [$t8]
  $t5 = [$t5+28]
  $a0 = $t8
  call $t5
  $t4 = $v0
  if0 $t4 goto :if18_else
  if $t8 goto :null65
  Error("null pointer")
null65:
  $t4 = [$t8]
  $t4 = [$t4+12]
  $a0 = $t8
  call $t4
  $t8 = $v0
  goto :if18_end
if18_else:
  $t7 = 0
if18_end:
  goto :if17_end
if17_else:
  $t6 = 1
  $t7 = 0
if17_end:
if15_end:
  goto :while5_top
while5_end:
  $v0 = $t6
  ret

func Tree.Print [in 0, out 0, local 0]
  $t7 = $a0
  $t8 = $t7
  $t6 = [$t7]
  $t6 = [$t6+76]
  $a0 = $t7
  $a1 = $t8
  call $t6
  $t5 = $v0
  $v0 = 1
  ret

func Tree.RecPrint [in 0, out 0, local 0]
  $t7 = $a0
  $t8 = $a1
  if $t8 goto :null66
  Error("null pointer")
null66:
  $t7 = [$t8]
  $t7 = [$t7+32]
  $a0 = $t8
  call $t7
  $t6 = $v0
  if0 $t6 goto :if19_else
  $t6 = [$t7]
  $t6 = [$t6+76]
  if $t8 goto :null67
  Error("null pointer")
null67:
  $t5 = [$t8]
  $t5 = [$t5+16]
  $a0 = $t8
  call $t5
  $t4 = $v0
  $a0 = $t7
  $a1 = $t4
  call $t6
  $t5 = $v0
  goto :if19_end
if19_else:
  $t5 = 1
if19_end:
  if $t8 goto :null68
  Error("null pointer")
null68:
  $t6 = [$t8]
  $t6 = [$t6+20]
  $a0 = $t8
  call $t6
  $t4 = $v0
  PrintIntS($t4)
  if $t8 goto :null69
  Error("null pointer")
null69:
  $t6 = [$t8]
  $t6 = [$t6+28]
  $a0 = $t8
  call $t6
  $t4 = $v0
  if0 $t4 goto :if20_else
  $t6 = [$t7]
  $t6 = [$t6+76]
  if $t8 goto :null70
  Error("null pointer")
null70:
  $t4 = [$t8]
  $t4 = [$t4+12]
  $a0 = $t8
  call $t4
  $t3 = $v0
  $a0 = $t7
  $a1 = $t3
  call $t6
  $t5 = $v0
  goto :if20_end
if20_else:
  $t5 = 1
if20_end:
  $v0 = 1
  ret


