--- Error (ProgramFault) ---
require data address, found integer44
  Main() line 17
  BBS.Start() line 29
  BBS.Init() line 185
