const empty_Fac

func Main [in 0, out 0, local 0]
  $a0 = :empty_Fac
  $a1 = 10
  call :Fac.ComputeFac
  $t8 = $v0
  PrintIntS($t8)
  ret

func Fac.ComputeFac [in 0, out 0, local 0]
  $t4 = $a0
  $t7 = $a1
  $t8 = LtS($t7 1)
  if0 $t8 goto :if1_else
  $t8 = 1
  goto :if1_end
if1_else:
  $t6 = Sub($t7 1)
  $a0 = $t4
  $a1 = $t6
  call :Fac.ComputeFac
  $t5 = $v0
  $t8 = MulS($t7 $t5)
if1_end:
  $v0 = $t8
  ret


