const vmt_LL
  :LL.Start

const vmt_List
  :List.Init
  :List.InitNew
  :List.Insert
  :List.SetNext
  :List.Delete
  :List.Search
  :List.GetEnd
  :List.GetElem
  :List.GetNext
  :List.Print

const vmt_Element
  :Element.Init
  :Element.GetAge
  :Element.GetSalary
  :Element.GetMarried
  :Element.Equal
  :Element.Compare

func Main [in 0, out 0, local 0]
  $t8 = HeapAllocZ(4)
  [$t8] = :vmt_LL
  if $t8 goto :null1
  Error("null pointer")
null1:
  $t7 = [$t8]
  $t7 = [$t7]
  $a0 = $t8
  call $t7
  $t6 = $v0
  PrintIntS($t6)
  ret

func Element.Init [in 0, out 0, local 0]
  $t8 = $a0
  $t7 = $a1
  [$t8] = $t7
  $t7 = $a2
  [$t8] = $t7
  $t7 = $a3
  [$t8] = $t7
  $v0 = 1
  ret

func Element.GetAge [in 0, out 0, local 0]
  $t7 = $a0
  $t8 = [$t7+4]
  $v0 = $t8
  ret

func Element.GetSalary [in 0, out 0, local 0]
  $t7 = $a0
  $t8 = [$t7+8]
  $v0 = $t8
  ret

func Element.GetMarried [in 0, out 0, local 0]
  $t7 = $a0
  $t8 = [$t7+12]
  $v0 = $t8
  ret

func Element.Equal [in 0, out 0, local 0]
  $t4 = $a0
  $t7 = $a1
  $t8 = 1
  if $t7 goto :null2
  Error("null pointer")
null2:
  $t6 = [$t7]
  $t6 = [$t6+4]
  $a0 = $t7
  call $t6
  $t5 = $v0
  $t6 = [$t4]
  $t6 = [$t6+20]
  $t3 = [$t4+4]
  $a0 = $t4
  $a1 = $t5
  $a2 = $t3
  call $t6
  $t2 = $v0
  $t5 = Sub(1 $t2)
  if0 $t5 goto :if1_else
  $t8 = 0
  goto :if1_end
if1_else:
  if $t7 goto :null3
  Error("null pointer")
null3:
  $t6 = [$t7]
  $t6 = [$t6+8]
  $a0 = $t7
  call $t6
  $t5 = $v0
  $t6 = [$t4]
  $t6 = [$t6+20]
  $t3 = [$t4+8]
  $a0 = $t4
  $a1 = $t5
  $a2 = $t3
  call $t6
  $t2 = $v0
  $t5 = Sub(1 $t2)
  if0 $t5 goto :if2_else
  $t8 = 0
  goto :if2_end
if2_else:
  $t6 = [$t4+12]
  if0 $t6 goto :if3_else
  if $t7 goto :null4
  Error("null pointer")
null4:
  $t6 = [$t7]
  $t6 = [$t6+12]
  $a0 = $t7
  call $t6
  $t5 = $v0
  $t6 = Sub(1 $t5)
  if0 $t6 goto :if4_else
  $t8 = 0
  goto :if4_end
if4_else:
  $t5 = 0
if4_end:
  goto :if3_end
if3_else:
  if $t7 goto :null5
  Error("null pointer")
null5:
  $t6 = [$t7]
  $t6 = [$t6+12]
  $a0 = $t7
  call $t6
  $t4 = $v0
  if0 $t4 goto :if5_else
  $t8 = 0
  goto :if5_end
if5_else:
  $t5 = 0
if5_end:
if3_end:
if2_end:
if1_end:
  $v0 = $t8
  ret

func Element.Compare [in 0, out 0, local 0]
  $t4 = $a1
  $t6 = $a2
  $t8 = 0
  $t7 = Add($t6 1)
  $t5 = LtS($t4 $t6)
  if0 $t5 goto :if6_else
  $t8 = 0
  goto :if6_end
if6_else:
  $t6 = LtS($t4 $t7)
  $t5 = Sub(1 $t6)
  if0 $t5 goto :if7_else
  $t8 = 0
  goto :if7_end
if7_else:
  $t8 = 1
if7_end:
if6_end:
  $v0 = $t8
  ret

func List.Init [in 0, out 0, local 0]
  $a0 = $a0
  [$a0] = 1
  $v0 = 1
  ret

func List.InitNew [in 0, out 0, local 0]
  $t8 = $a0
  $t7 = $a1
  $t7 = $a3
  [$t8] = $t7
  [$t8] = $t7
  $t7 = $a2
  [$t8] = $t7
  $v0 = 1
  ret

func List.Insert [in 0, out 0, local 0]
  $t8 = $a0
  $t4 = $a1
  $t7 = $t8
  $t8 = HeapAllocZ(16)
  [$t8] = :vmt_List
  $t6 = $t8
  if $t6 goto :null6
  Error("null pointer")
null6:
  $t8 = [$t6]
  $t8 = [$t8+4]
  $a0 = $t6
  $a1 = $t4
  $a2 = $t7
  $a3 = 0
  call $t8
  $t5 = $v0
  $v0 = $t6
  ret

func List.SetNext [in 0, out 0, local 0]
  $t7 = $a0
  $t8 = $a1
  [$t7] = $t8
  $v0 = 1
  ret

func List.Delete [in 0, out 0, local 1]
  $t8 = $a0
  local[1] = $t8
  local[2] = $a1
  local[0] = $t8
  $t6 = 0
  $t5 = Sub(0 1)
  $t4 = $t8
  $t3 = $t8
  $t2 = [$t8+12]
  $t1 = [$t8+4]
while1_top:
  $t8 = Sub(1 $t2)
  if0 $t8 goto :ss1_else
  $t8 = Sub(1 $t6)
  goto :ss1_end
ss1_else:
  $t8 = 0
ss1_end:
  if0 $t8 goto :while1_end
  $t8 = $a1
  if $t8 goto :null7
  Error("null pointer")
null7:
  $t0 = [$t8]
  $t0 = [$t0+16]
  $a0 = $t8
  $a1 = $t1
  call $t0
  $t7 = $v0
  if0 $t7 goto :if8_else
  $t6 = 1
  $t8 = LtS($t5 0)
  if0 $t8 goto :if9_else
  if $t4 goto :null8
  Error("null pointer")
null8:
  $t7 = [$t4]
  $t7 = [$t7+32]
  $a0 = $t4
  call $t7
  local[0] = local[0]
  local[0] = $v0
  goto :if9_end
if9_else:
  $t8 = Sub(0 555)
  PrintIntS($t8)
  if $t3 goto :null9
  Error("null pointer")
null9:
  $t7 = [$t3]
  $t7 = [$t7+12]
  if $t4 goto :null10
  Error("null pointer")
null10:
  $t8 = [$t4]
  $t8 = [$t8+32]
  $a0 = $t4
  call $t8
  $t0 = $v0
  $a0 = $t3
  $a1 = $t0
  call $t7
  $t8 = $v0
  $t8 = Sub(0 555)
  PrintIntS($t8)
if9_end:
  goto :if8_end
if8_else:
  $t7 = 0
if8_end:
  $t8 = Sub(1 $t6)
  if0 $t8 goto :if10_else
  $t3 = $t4
  if $t4 goto :null11
  Error("null pointer")
null11:
  $t6 = [$t4]
  $t6 = [$t6+32]
  $a0 = $t4
  call $t6
  $t4 = $v0
  if $t4 goto :null12
  Error("null pointer")
null12:
  $t8 = [$t4]
  $t8 = [$t8+24]
  $a0 = $t4
  call $t8
  $t2 = $v0
  if $t4 goto :null13
  Error("null pointer")
null13:
  $t8 = [$t4]
  $t8 = [$t8+28]
  $a0 = $t4
  call $t8
  $t1 = $v0
  $t5 = 1
  goto :if10_end
if10_else:
  $t7 = 0
if10_end:
  goto :while1_top
while1_end:
  $v0 = my_head
  $t8 = local[1]
  $t8 = local[2]
  ret

func List.Search [in 0, out 0, local 0]
  $t6 = $a0
  $t8 = 0
  $t7 = $t6
  $t5 = [$t6+12]
  $t4 = [$t6+4]
while2_top:
  $t6 = Sub(1 $t5)
  if0 $t6 goto :while2_end
  $t6 = $a1
  if $t6 goto :null14
  Error("null pointer")
null14:
  $t3 = [$t6]
  $t3 = [$t3+16]
  $a0 = $t6
  $a1 = $t4
  call $t3
  $t2 = $v0
  if0 $t2 goto :if11_else
  $t8 = 1
  goto :if11_end
if11_else:
  $t6 = 0
if11_end:
  if $t7 goto :null15
  Error("null pointer")
null15:
  $t3 = [$t7]
  $t3 = [$t3+32]
  $a0 = $t7
  call $t3
  $t7 = $v0
  if $t7 goto :null16
  Error("null pointer")
null16:
  $t6 = [$t7]
  $t6 = [$t6+24]
  $a0 = $t7
  call $t6
  $t5 = $v0
  if $t7 goto :null17
  Error("null pointer")
null17:
  $t6 = [$t7]
  $t6 = [$t6+28]
  $a0 = $t7
  call $t6
  $t4 = $v0
  goto :while2_top
while2_end:
  $v0 = $t8
  ret

func List.GetEnd [in 0, out 0, local 0]
  $t7 = $a0
  $t8 = [$t7+12]
  $v0 = $t8
  ret

func List.GetElem [in 0, out 0, local 0]
  $t7 = $a0
  $t8 = [$t7+4]
  $v0 = $t8
  ret

func List.GetNext [in 0, out 0, local 0]
  $t7 = $a0
  $t8 = [$t7+8]
  $v0 = $t8
  ret

func List.Print [in 0, out 0, local 0]
  $t7 = $a0
  $t8 = $t7
  $t6 = [$t7+12]
  $t5 = [$t7+4]
while3_top:
  $t7 = Sub(1 $t6)
  if0 $t7 goto :while3_end
  if $t5 goto :null18
  Error("null pointer")
null18:
  $t7 = [$t5]
  $t7 = [$t7+4]
  $a0 = $t5
  call $t7
  $t4 = $v0
  PrintIntS($t4)
  if $t8 goto :null19
  Error("null pointer")
null19:
  $t7 = [$t8]
  $t7 = [$t7+32]
  $a0 = $t8
  call $t7
  $t8 = $v0
  if $t8 goto :null20
  Error("null pointer")
null20:
  $t4 = [$t8]
  $t4 = [$t4+24]
  $a0 = $t8
  call $t4
  $t6 = $v0
  if $t8 goto :null21
  Error("null pointer")
null21:
  $t7 = [$t8]
  $t7 = [$t7+28]
  $a0 = $t8
  call $t7
  $t5 = $v0
  goto :while3_top
while3_end:
  $v0 = 1
  ret

func LL.Start [in 0, out 0, local 0]
  $t8 = HeapAllocZ(16)
  [$t8] = :vmt_List
  $t7 = $t8
  if $t7 goto :null22
  Error("null pointer")
null22:
  $t8 = [$t7]
  $t8 = [$t8]
  $a0 = $t7
  call $t8
  $t6 = $v0
  $t8 = $t7
  if $t8 goto :null23
  Error("null pointer")
null23:
  $t7 = [$t8]
  $t7 = [$t7]
  $a0 = $t8
  call $t7
  $t6 = $v0
  if $t8 goto :null24
  Error("null pointer")
null24:
  $t7 = [$t8]
  $t7 = [$t7+36]
  $a0 = $t8
  call $t7
  $t6 = $v0
  $t7 = HeapAllocZ(16)
  [$t7] = :vmt_Element
  $t5 = $t7
  if $t5 goto :null25
  Error("null pointer")
null25:
  $t7 = [$t5]
  $t7 = [$t7]
  $a0 = $t5
  $a1 = 25
  $a2 = 37000
  $a3 = 0
  call $t7
  $t6 = $v0
  if $t8 goto :null26
  Error("null pointer")
null26:
  $t7 = [$t8]
  $t7 = [$t7+8]
  $a0 = $t8
  $a1 = $t5
  call $t7
  $t8 = $v0
  if $t8 goto :null27
  Error("null pointer")
null27:
  $t7 = [$t8]
  $t7 = [$t7+36]
  $a0 = $t8
  call $t7
  $t6 = $v0
  PrintIntS(10000000)
  $t7 = HeapAllocZ(16)
  [$t7] = :vmt_Element
  $t5 = $t7
  if $t5 goto :null28
  Error("null pointer")
null28:
  $t7 = [$t5]
  $t7 = [$t7]
  $a0 = $t5
  $a1 = 39
  $a2 = 42000
  $a3 = 1
  call $t7
  $t6 = $v0
  $t7 = $t5
  if $t8 goto :null29
  Error("null pointer")
null29:
  $t4 = [$t8]
  $t4 = [$t4+8]
  $a0 = $t8
  $a1 = $t5
  call $t4
  $t8 = $v0
  if $t8 goto :null30
  Error("null pointer")
null30:
  $t4 = [$t8]
  $t4 = [$t4+36]
  $a0 = $t8
  call $t4
  $t6 = $v0
  PrintIntS(10000000)
  $t4 = HeapAllocZ(16)
  [$t4] = :vmt_Element
  $t5 = $t4
  if $t5 goto :null31
  Error("null pointer")
null31:
  $t4 = [$t5]
  $t4 = [$t4]
  $a0 = $t5
  $a1 = 22
  $a2 = 34000
  $a3 = 0
  call $t4
  $t6 = $v0
  if $t8 goto :null32
  Error("null pointer")
null32:
  $t4 = [$t8]
  $t4 = [$t4+8]
  $a0 = $t8
  $a1 = $t5
  call $t4
  $t8 = $v0
  if $t8 goto :null33
  Error("null pointer")
null33:
  $t4 = [$t8]
  $t4 = [$t4+36]
  $a0 = $t8
  call $t4
  $t6 = $v0
  $t4 = HeapAllocZ(16)
  [$t4] = :vmt_Element
  $t3 = $t4
  if $t3 goto :null34
  Error("null pointer")
null34:
  $t4 = [$t3]
  $t4 = [$t4]
  $a0 = $t3
  $a1 = 27
  $a2 = 34000
  $a3 = 0
  call $t4
  $t6 = $v0
  if $t8 goto :null35
  Error("null pointer")
null35:
  $t4 = [$t8]
  $t4 = [$t4+20]
  $a0 = $t8
  $a1 = $t7
  call $t4
  $t2 = $v0
  PrintIntS($t2)
  if $t8 goto :null36
  Error("null pointer")
null36:
  $t4 = [$t8]
  $t4 = [$t4+20]
  $a0 = $t8
  $a1 = $t3
  call $t4
  $t2 = $v0
  PrintIntS($t2)
  PrintIntS(10000000)
  $t3 = HeapAllocZ(16)
  [$t3] = :vmt_Element
  $t5 = $t3
  if $t5 goto :null37
  Error("null pointer")
null37:
  $t4 = [$t5]
  $t4 = [$t4]
  $a0 = $t5
  $a1 = 28
  $a2 = 35000
  $a3 = 0
  call $t4
  $t6 = $v0
  if $t8 goto :null38
  Error("null pointer")
null38:
  $t3 = [$t8]
  $t3 = [$t3+8]
  $a0 = $t8
  $a1 = $t5
  call $t3
  $t8 = $v0
  if $t8 goto :null39
  Error("null pointer")
null39:
  $t4 = [$t8]
  $t4 = [$t4+36]
  $a0 = $t8
  call $t4
  $t6 = $v0
  PrintIntS(2220000)
  if $t8 goto :null40
  Error("null pointer")
null40:
  $t3 = [$t8]
  $t3 = [$t3+16]
  $a0 = $t8
  $a1 = $t7
  call $t3
  $t8 = $v0
  if $t8 goto :null41
  Error("null pointer")
null41:
  $t4 = [$t8]
  $t4 = [$t4+36]
  $a0 = $t8
  call $t4
  $t6 = $v0
  PrintIntS(33300000)
  if $t8 goto :null42
  Error("null pointer")
null42:
  $t7 = [$t8]
  $t7 = [$t7+16]
  $a0 = $t8
  $a1 = $t5
  call $t7
  $t8 = $v0
  if $t8 goto :null43
  Error("null pointer")
null43:
  $t7 = [$t8]
  $t7 = [$t7+36]
  $a0 = $t8
  call $t7
  $t6 = $v0
  PrintIntS(44440000)
  $v0 = 0
  ret


